Звіт
Лабораторна робота №4. Розробка програм, що розгалужуються
П.І.Б. виконавця: Силка Михайло Микалайович

Хід роботи:

1) Створити папку lab04
2) Створити в ній файл main.c
3) Зафіксувати зміни за допомогою команди git commit
4) Описати в файлі main.c ціль та хід роботи
5) Написати программу
6) Перевірити значення змінних за допомогою дебаггеру lldb


Результат перевірки значення змінної результату:


yuzo@yuzo-VirtualBox:~/lab/programing-Sylka/lab04/src$ lldb main.bin 
(lldb) target create "main.bin"
Current executable set to '/home/yuzo/lab/programing-Sylka/lab04/src/main.bin' (x86_64).
(lldb) l 1
   1   	/*
   2   	 * За заданим радіусом r та командою (‘l’, ‘s’ або ‘v’) користувача обчислити:
   3   	 * довжину окружності, якщо команда – ‘l’;
   4   	 * площу кола, якщо команда – ‘s’;
   5   	 * об’єм кулі, якщо команда – ‘v’.
   6   	 *
   7   	 * 1. Объявляем переменные
   8   	 * 2. Выводим в терминал сообщение: "Введите раиус:"
   9   	 * 3. Записываем значение ввода в переменную rad
   10  	 * 4. Выводим в терминал просьбу ввести тип букву для соответствующего тип расчётов
(lldb) l
   11  	 * 5. Записываем символ из ввода в переменную t
   12  	 * 6. В зависимости от символа в переменной t выполняется одно из заданных условий внутри которых либо расчёт того, что выбрал пользователь, либо если символ из переменной не соответствует ни одной команде, то меняется значение переменной error в следствии чего выполняется условие для вывода текста ошибки в терминал
   13  	 * 7. Если error != 0 тогда выполняется вывод ответа в консоль
   14  	 *
   15  	*/
   16  	
   17  	
   18  	#include <stdio.h>
   19  	
   20  	
(lldb) l
   21  	int main()
   22  	{
   23  	    float rad;
   24  	    char t;
   25  	    float res;
   26  	    float pi = 3.1415926535;
   27  	    int error = 1;
   28  	
   29  	    //Вывод сообщения в терминал с последующей записью ответа пользователя в переменную
   30  	    printf ("Введите радиус:\n");
(lldb) l
   31  	    scanf ("%f", &rad);
   32  	 
   33  	    printf ("Выберите что нужно рассчитать:\nВведите 'l' чтобы рассчитать длину окружности\nВведите 's' чтобы рассчитать площадь круга\nВведите 'v' чтобы рассчитать объём шара\n");
   34  	    scanf ("%s", &t);
   35  	 
   36  	    //Проверка соответствия значения переменной с командой, в следствии которой выполняется как минимум одно условие
   37  	    if (t == 'l'){
   38  	    	res = 2 * pi * rad;
   39  		
   40  	    } else if (t == 's'){
(lldb) l
   41  		res = pi * (rad * rad);
   42  		
   43  	    } else if (t == 'v'){
   44  	    	res = (4/3) * pi * (rad * rad * rad);
   45  		
   46  	    } else {
   47  	        error = 0;
   48  	    }
   49  	
   50  	    //Вывод ответа или текста ошибки в терминал
(lldb) l
   51  	    if (error != 0){
   52  	        printf ("%s%f\n", "Ответ: ", res);
   53  	    } else {
   54  		printf ("%s\n", "Ошибка. Скорее всего Вы ввели неправильный символ для выбора типа рассчёта");
   55  	    }
   56  	
   57  	    return (0);
   58  	}
(lldb) l
(lldb) b 57
Breakpoint 1: where = main.bin`main + 355 at main.c:57:5, address = 0x00000000004012a3
(lldb) r
Process 23707 launched: '/home/yuzo/lab/programing-Sylka/lab04/src/main.bin' (x86_64)
Введите радиус:
10
Выберите что нужно рассчитать:
Введите 'l' чтобы рассчитать длину окружности
Введите 's' чтобы рассчитать площадь круга
Введите 'v' чтобы рассчитать объём шара
l
Ответ: 62.831856
Process 23707 stopped
* thread #1, name = 'main.bin', stop reason = breakpoint 1.1
    frame #0: 0x00000000004012a3 main.bin`main at main.c:57:5
   54  		printf ("%s\n", "Ошибка. Скорее всего Вы ввели неправильный символ для выбора типа рассчёта");
   55  	    }
   56  	
-> 57  	    return (0);
   58  	}
(lldb) p res
(float) $0 = 62.8318558
(lldb) p t
(char) $1 = 'l'
(lldb) p rad
(float) $2 = 10


Змінна t = 'l', що означає обчислення довжини кола за радіусом.
Змінна rad = 10

Змінна res = 62.8318558
Перевірка:
Довжина окружності - 2πR
2 * π * 10 = 62.8318558

Перевірка доводить що программа коректно визначає довжину кола за заданним радіусом



Висновок:
У цій лабораторній работі я навчився виводити та зчитувати інформацію з терміналу а також використовувати операторы if else.



